---
source: crates/lazuli_analyzer/tests/baseline_snapshot.rs
assertion_line: 24
expression: app
---
{
  "features": [
    {
      "name": "crm",
      "purpose": null,
      "defaults": {},
      "uses": [],
      "enums": [],
      "resources": [
        {
          "name": "Customer",
          "fields": [
            {
              "name": "name",
              "type_ref": {
                "kind": "Builtin",
                "value": "Text"
              },
              "required": true,
              "unique": false,
              "span_ref": {
                "start": 35,
                "end": 54
              }
            },
            {
              "name": "email",
              "type_ref": {
                "kind": "Builtin",
                "value": "SemanticEmail"
              },
              "required": true,
              "unique": true,
              "span_ref": {
                "start": 58,
                "end": 86
              }
            },
            {
              "name": "status",
              "type_ref": {
                "kind": "UserDefined",
                "value": {
                  "name": "CustomerStatus"
                }
              },
              "required": false,
              "unique": false,
              "default": {
                "kind": "EnumLiteral",
                "value": {
                  "variant": "Lead"
                }
              },
              "span_ref": {
                "start": 90,
                "end": 125
              }
            }
          ],
          "span_ref": {
            "start": 11,
            "end": 429
          }
        },
        {
          "name": "Project",
          "fields": [
            {
              "name": "title",
              "type_ref": {
                "kind": "Builtin",
                "value": "Text"
              },
              "required": true,
              "unique": false,
              "span_ref": {
                "start": 456,
                "end": 476
              }
            },
            {
              "name": "ownerEmail",
              "type_ref": {
                "kind": "Builtin",
                "value": "SemanticEmail"
              },
              "required": true,
              "unique": false,
              "span_ref": {
                "start": 480,
                "end": 506
              }
            },
            {
              "name": "active",
              "type_ref": {
                "kind": "Builtin",
                "value": "Boolean"
              },
              "required": false,
              "unique": false,
              "default": {
                "kind": "Boolean",
                "value": true
              },
              "span_ref": {
                "start": 510,
                "end": 538
              }
            }
          ],
          "span_ref": {
            "start": 433,
            "end": 833
          }
        }
      ],
      "events": [],
      "rules": [],
      "policies": {
        "categories": [],
        "fields": []
      },
      "commands": [
        {
          "name": "Create",
          "kind": "Create",
          "input": {
            "kind": "Short",
            "value": [
              "name",
              "email"
            ]
          },
          "effect": {
            "kind": "Creates",
            "value": {
              "resource": {
                "name": "Customer"
              },
              "from_input": true,
              "assignments": []
            }
          },
          "policy": {
            "kind": "Unresolved",
            "value": "customer.create"
          },
          "emits": [
            "CustomerCreated"
          ],
          "span_ref": {
            "start": 131,
            "end": 230
          }
        },
        {
          "name": "Create",
          "kind": "Create",
          "input": {
            "kind": "Short",
            "value": [
              "title",
              "ownerEmail"
            ]
          },
          "effect": {
            "kind": "Creates",
            "value": {
              "resource": {
                "name": "Project"
              },
              "from_input": true,
              "assignments": []
            }
          },
          "policy": {
            "kind": "Unresolved",
            "value": "project.create"
          },
          "emits": [
            "ProjectCreated"
          ],
          "span_ref": {
            "start": 544,
            "end": 647
          }
        }
      ],
      "queries": [
        {
          "kind": "List",
          "name": "List",
          "filters": [
            {
              "predicate": {
                "kind": "Comparison",
                "value": {
                  "left": {
                    "kind": "Path",
                    "value": {
                      "segments": [
                        "status"
                      ]
                    }
                  },
                  "op": "Eq",
                  "right": {
                    "kind": "Path",
                    "value": {
                      "segments": [
                        "params",
                        "status"
                      ]
                    }
                  }
                }
              },
              "when": "status"
            }
          ],
          "span_ref": {
            "start": 236,
            "end": 296
          }
        },
        {
          "kind": "List",
          "name": "List",
          "filters": [
            {
              "predicate": {
                "kind": "Comparison",
                "value": {
                  "left": {
                    "kind": "Path",
                    "value": {
                      "segments": [
                        "active"
                      ]
                    }
                  },
                  "op": "Eq",
                  "right": {
                    "kind": "Path",
                    "value": {
                      "segments": [
                        "params",
                        "active"
                      ]
                    }
                  }
                }
              },
              "when": "active"
            }
          ],
          "span_ref": {
            "start": 653,
            "end": 719
          }
        }
      ],
      "workflows": [],
      "jobs": [],
      "webhooks": [],
      "surfaces": [],
      "extensions": [],
      "escape_routes": [],
      "span_ref": {
        "start": 0,
        "end": 835
      }
    }
  ]
}
